;TLL Score: -100
(walk shed location1 bob)
(walk location1 location2 bob)
(pickup_spanner location2 spanner10 bob)
(walk location2 location3 bob)
(pickup_spanner location3 spanner5 bob)
(pickup_spanner location3 spanner9 bob)
(walk location3 location4 bob)
(walk location4 location5 bob)
(pickup_spanner location5 spanner8 bob)
(walk location5 location6 bob)
(walk location6 location7 bob)
(pickup_spanner location7 spanner2 bob)
(walk location7 gate bob)
(tighten_nut gate spanner8 bob nut1)
(tighten_nut gate spanner5 bob nut4)
(tighten_nut gate spanner9 bob nut3)
(tighten_nut gate spanner2 bob nut2)
(tighten_nut gate spanner10 bob nut5)
; Outcome: PlanEndType.DEADEND
