;TLL Score: 100
(make_sandwich_no_gluten sandw7 bread2 content5)
(put_on_tray sandw7 tray2 kitchen1)
(move_tray tray2 kitchen1 table3)
(serve_sandwich_no_gluten sandw7 child7 tray2 table3)
(make_sandwich sandw6 bread7 content7)
(put_on_tray sandw6 tray1 kitchen1)
(move_tray tray1 kitchen1 table2)
(serve_sandwich sandw6 child4 tray1 table2)
(make_sandwich sandw5 bread6 content6)
(move_tray tray1 table2 kitchen1)
(put_on_tray sandw5 tray1 kitchen1)
(move_tray tray1 kitchen1 table1)
(serve_sandwich sandw5 child1 tray1 table1)
(make_sandwich sandw4 bread5 content4)
(move_tray tray1 table1 kitchen1)
(put_on_tray sandw4 tray1 kitchen1)
(move_tray tray1 kitchen1 table2)
(serve_sandwich sandw4 child2 tray1 table2)
(make_sandwich sandw3 bread4 content3)
(move_tray tray2 table3 kitchen1)
(put_on_tray sandw3 tray2 kitchen1)
(move_tray tray2 kitchen1 table2)
(serve_sandwich sandw3 child5 tray2 table2)
(make_sandwich sandw2 bread1 content2)
(move_tray tray2 table2 kitchen1)
(put_on_tray sandw2 tray2 kitchen1)
(move_tray tray2 kitchen1 table1)
(serve_sandwich sandw2 child3 tray2 table1)
(make_sandwich sandw1 bread3 content1)
(move_tray tray1 table2 kitchen1)
(put_on_tray sandw1 tray1 kitchen1)
(move_tray tray1 kitchen1 table2)
(serve_sandwich sandw1 child6 tray1 table2)
