;TLL Score: 100
(walk shed location1 bob)
(walk location1 location2 bob)
(pickup_spanner location2 spanner8 bob)
(pickup_spanner location2 spanner2 bob)
(pickup_spanner location2 spanner7 bob)
(walk location2 location3 bob)
(pickup_spanner location3 spanner5 bob)
(walk location3 location4 bob)
(pickup_spanner location4 spanner6 bob)
(pickup_spanner location4 spanner3 bob)
(walk location4 location5 bob)
(walk location5 location6 bob)
(walk location6 location7 bob)
(pickup_spanner location7 spanner1 bob)
(pickup_spanner location7 spanner4 bob)
(walk location7 gate bob)
(tighten_nut gate spanner2 bob nut5)
(tighten_nut gate spanner8 bob nut6)
(tighten_nut gate spanner7 bob nut4)
(tighten_nut gate spanner4 bob nut2)
(tighten_nut gate spanner6 bob nut1)
(tighten_nut gate spanner3 bob nut3)
; Outcome: PlanEndType.SOL
