;TLL Score: 100
(make_sandwich_no_gluten sandw3 bread1 content1)
(make_sandwich_no_gluten sandw4 bread2 content4)
(make_sandwich_no_gluten sandw5 bread3 content5)
(make_sandwich_no_gluten sandw6 bread5 content6)
(make_sandwich_no_gluten sandw7 bread6 content7)
(make_sandwich sandw1 bread7 content3)
(make_sandwich sandw2 bread4 content2)
(put_on_tray sandw1 tray2 kitchen1)
(put_on_tray sandw2 tray1 kitchen1)
(put_on_tray sandw3 tray2 kitchen1)
(put_on_tray sandw4 tray2 kitchen1)
(put_on_tray sandw5 tray1 kitchen1)
(put_on_tray sandw6 tray2 kitchen1)
(put_on_tray sandw7 tray2 kitchen1)
(move_tray tray2 kitchen1 table3)
(move_tray tray1 kitchen1 table2)
(serve_sandwich sandw1 child3 tray2 table3)
(serve_sandwich_no_gluten sandw3 child6 tray2 table3)
(serve_sandwich_no_gluten sandw4 child1 tray2 table3)
(serve_sandwich sandw2 child5 tray1 table2)
(serve_sandwich_no_gluten sandw5 child4 tray1 table2)
(move_tray tray2 table3 table1)
(serve_sandwich_no_gluten sandw6 child7 tray2 table1)
(serve_sandwich_no_gluten sandw7 child2 tray2 table1)
; cost = 24 (unit cost)
