;TLL Score: -80
;TLL Properties: solution
(sample_rock rover0 rover0store waypoint4)
(navigate rover0 waypoint4 waypoint2)
(communicate_rock_data rover0 general waypoint4 waypoint2 waypoint0)
(drop rover0 rover0store)
(sample_soil rover0 rover0store waypoint2)
(navigate rover0 waypoint2 waypoint1)
(calibrate rover0 camera0 objective0 waypoint1)
(communicate_soil_data rover0 general waypoint2 waypoint1 waypoint0)
(take_image rover0 waypoint1 objective0 camera0 colour)
(communicate_image_data rover0 general objective0 colour waypoint1 waypoint0)
; cost = 10 (unit cost)
