;TLL Score: -100
(make_sandwich_no_gluten sandw7 bread3 content7)
(make_sandwich_no_gluten sandw8 bread2 content2)
(make_sandwich_no_gluten sandw9 bread9 content8)
(make_sandwich sandw1 bread5 content4)
(make_sandwich sandw2 bread4 content3)
(make_sandwich sandw3 bread7 content6)
(make_sandwich sandw4 bread6 content5)
(make_sandwich sandw5 bread8 content9)
(make_sandwich sandw6 bread1 content1)
(put_on_tray sandw1 tray1 kitchen1)
(put_on_tray sandw2 tray1 kitchen1)
(put_on_tray sandw3 tray2 kitchen1)
(put_on_tray sandw4 tray2 kitchen1)
(put_on_tray sandw5 tray2 kitchen1)
(put_on_tray sandw6 tray1 kitchen1)
(put_on_tray sandw7 tray1 kitchen1)
(put_on_tray sandw8 tray2 kitchen1)
(put_on_tray sandw9 tray2 kitchen1)
(move_tray tray1 kitchen1 table2)
(serve_sandwich sandw1 child1 tray1 table2)
(serve_sandwich sandw2 child4 tray1 table2)
(serve_sandwich sandw6 child7 tray1 table2)
(serve_sandwich_no_gluten sandw7 child6 tray1 table2)
(move_tray tray2 kitchen1 table1)
(serve_sandwich sandw3 child3 tray2 table1)
(serve_sandwich sandw4 child5 tray2 table1)
(serve_sandwich sandw5 child2 tray2 table1)
(serve_sandwich_no_gluten sandw9 child9 tray2 table1)
(move_tray tray2 table1 table3)
(serve_sandwich_no_gluten sandw8 child8 tray2 table3)
; cost = 46 (unit cost)
