;TLL Score: -100
(make_sandwich_no_gluten sandw16 bread11 content10)
(make_sandwich_no_gluten sandw5 bread5 content2)
(make_sandwich_no_gluten sandw17 bread12 content6)
(make_sandwich_no_gluten sandw6 bread1 content4)
(make_sandwich_no_gluten sandw4 bread3 content11)
(make_sandwich sandw13 bread9 content9)
(make_sandwich sandw10 bread6 content5)
(make_sandwich sandw14 bread10 content12)
(make_sandwich sandw15 bread13 content13)
(make_sandwich sandw11 bread7 content7)
(make_sandwich sandw12 bread8 content8)
(make_sandwich sandw8 bread2 content1)
(make_sandwich sandw9 bread4 content3)
(put_on_tray sandw10 tray2 kitchen1)
(put_on_tray sandw11 tray2 kitchen1)
(put_on_tray sandw13 tray2 kitchen1)
(put_on_tray sandw16 tray2 kitchen1)
(put_on_tray sandw8 tray2 kitchen1)
(put_on_tray sandw17 tray2 kitchen1)
(put_on_tray sandw15 tray2 kitchen1)
(put_on_tray sandw4 tray2 kitchen1)
(put_on_tray sandw5 tray2 kitchen1)
(put_on_tray sandw9 tray2 kitchen1)
(put_on_tray sandw12 tray2 kitchen1)
(put_on_tray sandw6 tray1 kitchen1)
(put_on_tray sandw14 tray1 kitchen1)
(move_tray tray2 kitchen1 table1)
(serve_sandwich sandw10 child9 tray2 table1)
(serve_sandwich sandw8 child11 tray2 table1)
(serve_sandwich_no_gluten sandw4 child8 tray2 table1)
(serve_sandwich_no_gluten sandw16 child13 tray2 table1)
(serve_sandwich sandw15 child6 tray2 table1)
(serve_sandwich_no_gluten sandw17 child12 tray2 table1)
(move_tray tray2 table1 table3)
(serve_sandwich sandw11 child7 tray2 table3)
(serve_sandwich sandw12 child2 tray2 table3)
(serve_sandwich sandw13 child3 tray2 table3)
(serve_sandwich sandw9 child10 tray2 table3)
(serve_sandwich_no_gluten sandw5 child4 tray2 table3)
(move_tray tray1 kitchen1 table2)
(serve_sandwich_no_gluten sandw6 child1 tray1 table2)
(serve_sandwich sandw14 child5 tray1 table2)
