;TLL Score: 100
(MAKE_SANDWICH_NO_GLUTEN SANDW4 BREAD3 CONTENT11)
(PUT_ON_TRAY SANDW4 TRAY2 KITCHEN1)
(MOVE_TRAY TRAY2 KITCHEN1 TABLE1)
(SERVE_SANDWICH_NO_GLUTEN SANDW4 CHILD8 TRAY2 TABLE1)
(MAKE_SANDWICH_NO_GLUTEN SANDW17 BREAD12 CONTENT6)
(PUT_ON_TRAY SANDW17 TRAY3 KITCHEN1)
(MOVE_TRAY TRAY3 KITCHEN1 TABLE1)
(SERVE_SANDWICH_NO_GLUTEN SANDW17 CHILD12 TRAY3 TABLE1)
(MAKE_SANDWICH_NO_GLUTEN SANDW5 BREAD5 CONTENT2)
(PUT_ON_TRAY SANDW5 TRAY1 KITCHEN1)
(MOVE_TRAY TRAY1 KITCHEN1 TABLE3)
(SERVE_SANDWICH_NO_GLUTEN SANDW5 CHILD4 TRAY1 TABLE3)
(MAKE_SANDWICH_NO_GLUTEN SANDW16 BREAD11 CONTENT10)
(MOVE_TRAY TRAY3 TABLE1 KITCHEN1)
(PUT_ON_TRAY SANDW16 TRAY3 KITCHEN1)
(MOVE_TRAY TRAY3 KITCHEN1 TABLE1)
(SERVE_SANDWICH_NO_GLUTEN SANDW16 CHILD13 TRAY3 TABLE1)
(MOVE_TRAY TRAY2 TABLE1 KITCHEN1)
(MAKE_SANDWICH SANDW15 BREAD13 CONTENT13)
(PUT_ON_TRAY SANDW15 TRAY2 KITCHEN1)
(MOVE_TRAY TRAY2 KITCHEN1 TABLE1)
(SERVE_SANDWICH SANDW15 CHILD6 TRAY2 TABLE1)
(MAKE_SANDWICH_NO_GLUTEN SANDW6 BREAD1 CONTENT4)
(MOVE_TRAY TRAY1 TABLE3 KITCHEN1)
(PUT_ON_TRAY SANDW6 TRAY1 KITCHEN1)
(MOVE_TRAY TRAY1 KITCHEN1 TABLE2)
(SERVE_SANDWICH_NO_GLUTEN SANDW6 CHILD1 TRAY1 TABLE2)
(MAKE_SANDWICH SANDW14 BREAD10 CONTENT12)
(MOVE_TRAY TRAY3 TABLE1 KITCHEN1)
(PUT_ON_TRAY SANDW14 TRAY3 KITCHEN1)
(MOVE_TRAY TRAY3 KITCHEN1 TABLE2)
(SERVE_SANDWICH SANDW14 CHILD5 TRAY3 TABLE2)
(MOVE_TRAY TRAY2 TABLE1 KITCHEN1)
(MAKE_SANDWICH SANDW13 BREAD9 CONTENT9)
(PUT_ON_TRAY SANDW13 TRAY2 KITCHEN1)
(MOVE_TRAY TRAY2 KITCHEN1 TABLE3)
(SERVE_SANDWICH SANDW13 CHILD3 TRAY2 TABLE3)
(MAKE_SANDWICH SANDW12 BREAD8 CONTENT8)
(MOVE_TRAY TRAY2 TABLE3 KITCHEN1)
(PUT_ON_TRAY SANDW12 TRAY2 KITCHEN1)
(MOVE_TRAY TRAY2 KITCHEN1 TABLE3)
(SERVE_SANDWICH SANDW12 CHILD2 TRAY2 TABLE3)
(MAKE_SANDWICH SANDW11 BREAD7 CONTENT7)
(MOVE_TRAY TRAY2 TABLE3 KITCHEN1)
(PUT_ON_TRAY SANDW11 TRAY2 KITCHEN1)
(MOVE_TRAY TRAY2 KITCHEN1 TABLE3)
(SERVE_SANDWICH SANDW11 CHILD7 TRAY2 TABLE3)
(MAKE_SANDWICH SANDW10 BREAD6 CONTENT5)
(MOVE_TRAY TRAY2 TABLE3 KITCHEN1)
(PUT_ON_TRAY SANDW10 TRAY2 KITCHEN1)
(MOVE_TRAY TRAY2 KITCHEN1 TABLE1)
(SERVE_SANDWICH SANDW10 CHILD9 TRAY2 TABLE1)
(MAKE_SANDWICH SANDW9 BREAD4 CONTENT3)
(MOVE_TRAY TRAY2 TABLE1 KITCHEN1)
(PUT_ON_TRAY SANDW9 TRAY2 KITCHEN1)
(MOVE_TRAY TRAY2 KITCHEN1 TABLE3)
(SERVE_SANDWICH SANDW9 CHILD10 TRAY2 TABLE3)
(MAKE_SANDWICH SANDW8 BREAD2 CONTENT1)
(MOVE_TRAY TRAY1 TABLE2 KITCHEN1)
(PUT_ON_TRAY SANDW8 TRAY1 KITCHEN1)
(MOVE_TRAY TRAY1 KITCHEN1 TABLE1)
(SERVE_SANDWICH SANDW8 CHILD11 TRAY1 TABLE1)
