;TLL Score: -100
(walk shed location1 bob)
(pickup_spanner location1 spanner5 bob)
(pickup_spanner location1 spanner2 bob)
(walk location1 location2 bob)
(pickup_spanner location2 spanner1 bob)
(walk location2 location3 bob)
(walk location3 location4 bob)
(walk location4 gate bob)
(tighten_nut gate spanner1 bob nut1)
(tighten_nut gate spanner5 bob nut5)
(tighten_nut gate spanner2 bob nut4)
; Outcome: PlanEndType.DEADEND
