;TLL Score: -100
(walk shed location1 bob)
(pickup_spanner location1 spanner5 bob)
(pickup_spanner location1 spanner4 bob)
(walk location1 location2 bob)
(pickup_spanner location2 spanner3 bob)
(pickup_spanner location2 spanner1 bob)
(walk location2 location3 bob)
(pickup_spanner location3 spanner6 bob)
(walk location3 location4 bob)
(walk location4 gate bob)
(tighten_nut gate spanner6 bob nut3)
(tighten_nut gate spanner4 bob nut5)
(tighten_nut gate spanner1 bob nut1)
(tighten_nut gate spanner3 bob nut4)
(tighten_nut gate spanner5 bob nut2)
; Outcome: PlanEndType.SOL
