;TLL Score: 100
(make_sandwich_no_gluten sandw1 bread5 content5)
(put_on_tray sandw1 tray1 kitchen1)
(make_sandwich_no_gluten sandw2 bread4 content2)
(make_sandwich_no_gluten sandw4 bread2 content3)
(make_sandwich sandw3 bread3 content1)
(put_on_tray sandw2 tray1 kitchen1)
(put_on_tray sandw3 tray2 kitchen1)
(make_sandwich_no_gluten sandw5 bread1 content4)
(put_on_tray sandw5 tray1 kitchen1)
(put_on_tray sandw4 tray2 kitchen1)
(move_tray tray2 kitchen1 table3)
(serve_sandwich_no_gluten sandw4 child5 tray2 table3)
(serve_sandwich sandw3 child3 tray2 table3)
(move_tray tray1 kitchen1 table2)
(serve_sandwich_no_gluten sandw2 child1 tray1 table2)
(serve_sandwich_no_gluten sandw5 child2 tray1 table2)
(move_tray tray1 table2 table1)
(serve_sandwich_no_gluten sandw1 child4 tray1 table1)
; cost = 18 (unit cost)
