;TLL Score: -100
(MAKE_SANDWICH_NO_GLUTEN SANDW5 BREAD1 CONTENT4)
(PUT_ON_TRAY SANDW5 TRAY2 KITCHEN1)
(MOVE_TRAY TRAY2 KITCHEN1 TABLE3)
(SERVE_SANDWICH_NO_GLUTEN SANDW5 CHILD5 TRAY2 TABLE3)
(MAKE_SANDWICH_NO_GLUTEN SANDW4 BREAD2 CONTENT5)
(PUT_ON_TRAY SANDW4 TRAY1 KITCHEN1)
(MOVE_TRAY TRAY1 KITCHEN1 TABLE2)
(SERVE_SANDWICH_NO_GLUTEN SANDW4 CHILD1 TRAY1 TABLE2)
(MAKE_SANDWICH_NO_GLUTEN SANDW3 BREAD5 CONTENT2)
(MOVE_TRAY TRAY2 TABLE3 KITCHEN1)
(PUT_ON_TRAY SANDW3 TRAY2 KITCHEN1)
(MOVE_TRAY TRAY2 KITCHEN1 TABLE1)
(SERVE_SANDWICH_NO_GLUTEN SANDW3 CHILD4 TRAY2 TABLE1)
(MAKE_SANDWICH_NO_GLUTEN SANDW2 BREAD4 CONTENT3)
(MOVE_TRAY TRAY2 TABLE1 KITCHEN1)
(PUT_ON_TRAY SANDW2 TRAY2 KITCHEN1)
(MOVE_TRAY TRAY2 KITCHEN1 TABLE3)
(MOVE_TRAY TRAY2 TABLE3 TABLE2)
(SERVE_SANDWICH_NO_GLUTEN SANDW2 CHILD2 TRAY2 TABLE2)
(MAKE_SANDWICH SANDW1 BREAD3 CONTENT1)
(MOVE_TRAY TRAY2 TABLE2 KITCHEN1)
(PUT_ON_TRAY SANDW1 TRAY2 KITCHEN1)
(MOVE_TRAY TRAY2 KITCHEN1 TABLE3)
(SERVE_SANDWICH SANDW1 CHILD3 TRAY2 TABLE3)
