;TLL Score: 100
;TLL Properties: solution
(NAVIGATE ROVER0 WAYPOINT0 WAYPOINT1)
(SAMPLE_ROCK ROVER0 ROVER0STORE WAYPOINT1)
(COMMUNICATE_ROCK_DATA ROVER0 GENERAL WAYPOINT1 WAYPOINT1 WAYPOINT0)
(CALIBRATE ROVER0 CAMERA0 OBJECTIVE0 WAYPOINT1)
(TAKE_IMAGE ROVER0 WAYPOINT1 OBJECTIVE0 CAMERA0 COLOUR)
(COMMUNICATE_IMAGE_DATA ROVER0 GENERAL OBJECTIVE0 COLOUR WAYPOINT1 WAYPOINT0)
(NAVIGATE ROVER0 WAYPOINT1 WAYPOINT2)
(DROP ROVER0 ROVER0STORE)
(NAVIGATE ROVER0 WAYPOINT2 WAYPOINT4)
(SAMPLE_SOIL ROVER0 ROVER0STORE WAYPOINT4)
(COMMUNICATE_SOIL_DATA ROVER0 GENERAL WAYPOINT4 WAYPOINT4 WAYPOINT0)
