;TLL Score: -100
(MAKE_SANDWICH_NO_GLUTEN SANDW9 BREAD3 CONTENT2)
(PUT_ON_TRAY SANDW9 TRAY2 KITCHEN1)
(MOVE_TRAY TRAY2 KITCHEN1 TABLE2)
(SERVE_SANDWICH_NO_GLUTEN SANDW9 CHILD6 TRAY2 TABLE2)
(MAKE_SANDWICH_NO_GLUTEN SANDW8 BREAD2 CONTENT8)
(PUT_ON_TRAY SANDW8 TRAY1 KITCHEN1)
(MOVE_TRAY TRAY1 KITCHEN1 TABLE1)
(SERVE_SANDWICH_NO_GLUTEN SANDW8 CHILD9 TRAY1 TABLE1)
(MAKE_SANDWICH_NO_GLUTEN SANDW7 BREAD9 CONTENT7)
(MOVE_TRAY TRAY2 TABLE2 KITCHEN1)
(PUT_ON_TRAY SANDW7 TRAY2 KITCHEN1)
(MOVE_TRAY TRAY2 KITCHEN1 TABLE3)
(SERVE_SANDWICH_NO_GLUTEN SANDW7 CHILD8 TRAY2 TABLE3)
(MAKE_SANDWICH SANDW6 BREAD8 CONTENT9)
(MOVE_TRAY TRAY1 TABLE1 KITCHEN1)
(PUT_ON_TRAY SANDW6 TRAY1 KITCHEN1)
(MOVE_TRAY TRAY1 KITCHEN1 TABLE2)
(SERVE_SANDWICH SANDW6 CHILD1 TRAY1 TABLE2)
(MAKE_SANDWICH SANDW5 BREAD7 CONTENT6)
(MOVE_TRAY TRAY1 TABLE2 KITCHEN1)
(PUT_ON_TRAY SANDW5 TRAY1 KITCHEN1)
(MOVE_TRAY TRAY1 KITCHEN1 TABLE1)
(SERVE_SANDWICH SANDW5 CHILD2 TRAY1 TABLE1)
(MAKE_SANDWICH SANDW4 BREAD6 CONTENT5)
(MOVE_TRAY TRAY1 TABLE1 KITCHEN1)
(PUT_ON_TRAY SANDW4 TRAY1 KITCHEN1)
(MOVE_TRAY TRAY1 KITCHEN1 TABLE2)
(SERVE_SANDWICH SANDW4 CHILD4 TRAY1 TABLE2)
(MAKE_SANDWICH SANDW3 BREAD5 CONTENT4)
(MOVE_TRAY TRAY1 TABLE2 KITCHEN1)
(PUT_ON_TRAY SANDW3 TRAY1 KITCHEN1)
(MOVE_TRAY TRAY1 KITCHEN1 TABLE1)
(SERVE_SANDWICH SANDW3 CHILD3 TRAY1 TABLE1)
(MAKE_SANDWICH SANDW2 BREAD4 CONTENT3)
(MOVE_TRAY TRAY1 TABLE1 KITCHEN1)
(PUT_ON_TRAY SANDW2 TRAY1 KITCHEN1)
(MOVE_TRAY TRAY1 KITCHEN1 TABLE2)
(SERVE_SANDWICH SANDW2 CHILD7 TRAY1 TABLE2)
(MAKE_SANDWICH SANDW1 BREAD1 CONTENT1)
(MOVE_TRAY TRAY2 TABLE3 KITCHEN1)
(PUT_ON_TRAY SANDW1 TRAY2 KITCHEN1)
(MOVE_TRAY TRAY2 KITCHEN1 TABLE1)
(SERVE_SANDWICH SANDW1 CHILD5 TRAY2 TABLE1)
