;TLL Score: -100
(make_sandwich sandw12 bread10 content10)
(make_sandwich sandw11 bread9 content8)
(make_sandwich sandw10 bread8 content7)
(make_sandwich sandw9 bread7 content6)
(make_sandwich sandw8 bread6 content4)
(make_sandwich sandw7 bread2 content3)
(make_sandwich_no_gluten sandw3 bread3 content2)
(make_sandwich_no_gluten sandw16 bread11 content9)
(make_sandwich_no_gluten sandw15 bread4 content5)
(put_on_tray sandw3 tray1 kitchen1)
(put_on_tray sandw12 tray1 kitchen1)
(make_sandwich sandw6 bread1 content1)
(put_on_tray sandw7 tray2 kitchen1)
(put_on_tray sandw11 tray3 kitchen1)
(put_on_tray sandw16 tray3 kitchen1)
(put_on_tray sandw10 tray2 kitchen1)
(make_sandwich_no_gluten sandw14 bread5 content12)
(put_on_tray sandw6 tray1 kitchen1)
(make_sandwich sandw13 bread12 content11)
(put_on_tray sandw14 tray2 kitchen1)
(put_on_tray sandw15 tray1 kitchen1)
(put_on_tray sandw13 tray3 kitchen1)
(put_on_tray sandw8 tray3 kitchen1)
(put_on_tray sandw9 tray1 kitchen1)
(move_tray tray1 kitchen1 table1)
(serve_sandwich_no_gluten sandw3 child3 tray1 table1)
(serve_sandwich_no_gluten sandw15 child12 tray1 table1)
(serve_sandwich sandw6 child11 tray1 table1)
(move_tray tray2 kitchen1 table2)
(serve_sandwich sandw12 child9 tray1 table1)
(serve_sandwich sandw9 child2 tray1 table1)
(serve_sandwich_no_gluten sandw14 child1 tray2 table2)
(serve_sandwich sandw10 child4 tray2 table2)
(move_tray tray3 kitchen1 table3)
(serve_sandwich sandw7 child8 tray2 table2)
(serve_sandwich_no_gluten sandw16 child5 tray3 table3)
(serve_sandwich sandw13 child6 tray3 table3)
(serve_sandwich sandw11 child7 tray3 table3)
(serve_sandwich sandw8 child10 tray3 table3)
