;TLL Score: 100
(MAKE_SANDWICH_NO_GLUTEN SANDW3 BREAD3 CONTENT2)
(PUT_ON_TRAY SANDW3 TRAY1 KITCHEN1)
(MOVE_TRAY TRAY1 KITCHEN1 TABLE1)
(SERVE_SANDWICH_NO_GLUTEN SANDW3 CHILD3 TRAY1 TABLE1)
(MAKE_SANDWICH_NO_GLUTEN SANDW16 BREAD11 CONTENT9)
(PUT_ON_TRAY SANDW16 TRAY2 KITCHEN1)
(MOVE_TRAY TRAY2 KITCHEN1 TABLE3)
(SERVE_SANDWICH_NO_GLUTEN SANDW16 CHILD5 TRAY2 TABLE3)
(MAKE_SANDWICH_NO_GLUTEN SANDW15 BREAD4 CONTENT5)
(PUT_ON_TRAY SANDW15 TRAY3 KITCHEN1)
(MOVE_TRAY TRAY3 KITCHEN1 TABLE1)
(SERVE_SANDWICH_NO_GLUTEN SANDW15 CHILD12 TRAY3 TABLE1)
(MAKE_SANDWICH_NO_GLUTEN SANDW14 BREAD5 CONTENT12)
(MOVE_TRAY TRAY3 TABLE1 KITCHEN1)
(PUT_ON_TRAY SANDW14 TRAY3 KITCHEN1)
(MOVE_TRAY TRAY3 KITCHEN1 TABLE2)
(SERVE_SANDWICH_NO_GLUTEN SANDW14 CHILD1 TRAY3 TABLE2)
(MAKE_SANDWICH SANDW13 BREAD12 CONTENT11)
(MOVE_TRAY TRAY3 TABLE2 KITCHEN1)
(PUT_ON_TRAY SANDW13 TRAY3 KITCHEN1)
(MOVE_TRAY TRAY3 KITCHEN1 TABLE3)
(SERVE_SANDWICH SANDW13 CHILD6 TRAY3 TABLE3)
(MAKE_SANDWICH SANDW12 BREAD10 CONTENT10)
(MOVE_TRAY TRAY1 TABLE1 KITCHEN1)
(PUT_ON_TRAY SANDW12 TRAY1 KITCHEN1)
(MOVE_TRAY TRAY1 KITCHEN1 TABLE1)
(SERVE_SANDWICH SANDW12 CHILD9 TRAY1 TABLE1)
(MAKE_SANDWICH SANDW11 BREAD9 CONTENT8)
(MOVE_TRAY TRAY1 TABLE1 KITCHEN1)
(PUT_ON_TRAY SANDW11 TRAY1 KITCHEN1)
(MOVE_TRAY TRAY1 KITCHEN1 TABLE3)
(SERVE_SANDWICH SANDW11 CHILD7 TRAY1 TABLE3)
(MAKE_SANDWICH SANDW10 BREAD8 CONTENT7)
(MOVE_TRAY TRAY2 TABLE3 KITCHEN1)
(PUT_ON_TRAY SANDW10 TRAY2 KITCHEN1)
(MOVE_TRAY TRAY2 KITCHEN1 TABLE2)
(SERVE_SANDWICH SANDW10 CHILD4 TRAY2 TABLE2)
(MAKE_SANDWICH SANDW9 BREAD7 CONTENT6)
(MOVE_TRAY TRAY3 TABLE3 KITCHEN1)
(PUT_ON_TRAY SANDW9 TRAY3 KITCHEN1)
(MOVE_TRAY TRAY3 KITCHEN1 TABLE1)
(SERVE_SANDWICH SANDW9 CHILD2 TRAY3 TABLE1)
(MAKE_SANDWICH SANDW8 BREAD6 CONTENT4)
(MOVE_TRAY TRAY3 TABLE1 KITCHEN1)
(PUT_ON_TRAY SANDW8 TRAY3 KITCHEN1)
(MOVE_TRAY TRAY3 KITCHEN1 TABLE3)
(SERVE_SANDWICH SANDW8 CHILD10 TRAY3 TABLE3)
(MAKE_SANDWICH SANDW7 BREAD2 CONTENT3)
(MOVE_TRAY TRAY1 TABLE3 KITCHEN1)
(PUT_ON_TRAY SANDW7 TRAY1 KITCHEN1)
(MOVE_TRAY TRAY1 KITCHEN1 TABLE2)
(SERVE_SANDWICH SANDW7 CHILD8 TRAY1 TABLE2)
(MAKE_SANDWICH SANDW6 BREAD1 CONTENT1)
(MOVE_TRAY TRAY2 TABLE2 KITCHEN1)
(PUT_ON_TRAY SANDW6 TRAY2 KITCHEN1)
(MOVE_TRAY TRAY2 KITCHEN1 TABLE1)
(SERVE_SANDWICH SANDW6 CHILD11 TRAY2 TABLE1)
