;TLL Score: -100
(make_sandwich sandw1 bread6 content6)
(make_sandwich sandw2 bread4 content5)
(make_sandwich sandw3 bread3 content2)
(make_sandwich_no_gluten sandw4 bread2 content3)
(make_sandwich_no_gluten sandw5 bread1 content1)
(make_sandwich_no_gluten sandw6 bread5 content4)
(put_on_tray sandw1 tray1 kitchen1)
(put_on_tray sandw2 tray2 kitchen1)
(put_on_tray sandw3 tray2 kitchen1)
(put_on_tray sandw4 tray1 kitchen1)
(put_on_tray sandw5 tray1 kitchen1)
(put_on_tray sandw6 tray2 kitchen1)
(move_tray tray1 kitchen1 table2)
(move_tray tray2 kitchen1 table1)
(serve_sandwich sandw2 child1 tray2 table1)
(serve_sandwich sandw3 child2 tray2 table1)
(serve_sandwich_no_gluten sandw6 child4 tray2 table1)
(serve_sandwich sandw1 child3 tray1 table2)
(serve_sandwich_no_gluten sandw4 child6 tray1 table2)
(serve_sandwich_no_gluten sandw5 child5 tray1 table2)
; cost = 28 (unit cost)
