;TLL Score: -100
(MAKE_SANDWICH_NO_GLUTEN SANDW2 BREAD2 CONTENT3)
(PUT_ON_TRAY SANDW2 TRAY2 KITCHEN1)
(MOVE_TRAY TRAY2 KITCHEN1 TABLE2)
(SERVE_SANDWICH_NO_GLUTEN SANDW2 CHILD5 TRAY2 TABLE2)
(MAKE_SANDWICH_NO_GLUTEN SANDW1 BREAD5 CONTENT1)
(PUT_ON_TRAY SANDW1 TRAY1 KITCHEN1)
(MOVE_TRAY TRAY1 KITCHEN1 TABLE2)
(SERVE_SANDWICH_NO_GLUTEN SANDW1 CHILD6 TRAY1 TABLE2)
(MAKE_SANDWICH_NO_GLUTEN SANDW3 BREAD1 CONTENT4)
(MOVE_TRAY TRAY2 TABLE2 KITCHEN1)
(PUT_ON_TRAY SANDW3 TRAY2 KITCHEN1)
(MOVE_TRAY TRAY2 KITCHEN1 TABLE1)
(SERVE_SANDWICH_NO_GLUTEN SANDW3 CHILD4 TRAY2 TABLE1)
(MAKE_SANDWICH SANDW6 BREAD6 CONTENT6)
(MOVE_TRAY TRAY2 TABLE1 KITCHEN1)
(PUT_ON_TRAY SANDW6 TRAY2 KITCHEN1)
(MAKE_SANDWICH SANDW5 BREAD4 CONTENT5)
(PUT_ON_TRAY SANDW5 TRAY2 KITCHEN1)
(MOVE_TRAY TRAY2 KITCHEN1 TABLE1)
(SERVE_SANDWICH SANDW6 CHILD1 TRAY2 TABLE1)
(MOVE_TRAY TRAY2 TABLE1 TABLE2)
(SERVE_SANDWICH SANDW5 CHILD3 TRAY2 TABLE2)
(MAKE_SANDWICH SANDW4 BREAD3 CONTENT2)
(MOVE_TRAY TRAY1 TABLE2 KITCHEN1)
(PUT_ON_TRAY SANDW4 TRAY1 KITCHEN1)
(MOVE_TRAY TRAY1 KITCHEN1 TABLE1)
(SERVE_SANDWICH SANDW4 CHILD2 TRAY1 TABLE1)
