;TLL Score: 100
(make_sandwich_no_gluten sandw7 bread2 content4)
(put_on_tray sandw7 tray1 kitchen1)
(move_tray tray1 kitchen1 table3)
(serve_sandwich_no_gluten sandw7 child1 tray1 table3)
(make_sandwich_no_gluten sandw6 bread5 content7)
(put_on_tray sandw6 tray2 kitchen1)
(move_tray tray2 kitchen1 table3)
(serve_sandwich_no_gluten sandw6 child6 tray2 table3)
(make_sandwich_no_gluten sandw5 bread1 content6)
(move_tray tray2 table3 kitchen1)
(put_on_tray sandw5 tray2 kitchen1)
(move_tray tray2 kitchen1 table2)
(serve_sandwich_no_gluten sandw5 child4 tray2 table2)
(make_sandwich_no_gluten sandw4 bread3 content5)
(move_tray tray1 table3 kitchen1)
(put_on_tray sandw4 tray1 kitchen1)
(move_tray tray1 kitchen1 table1)
(serve_sandwich_no_gluten sandw4 child2 tray1 table1)
(make_sandwich_no_gluten sandw3 bread6 content1)
(move_tray tray2 table2 kitchen1)
(put_on_tray sandw3 tray2 kitchen1)
(move_tray tray2 kitchen1 table1)
(serve_sandwich_no_gluten sandw3 child7 tray2 table1)
(make_sandwich sandw2 bread7 content3)
(move_tray tray1 table1 kitchen1)
(put_on_tray sandw2 tray1 kitchen1)
(move_tray tray1 kitchen1 table3)
(serve_sandwich sandw2 child3 tray1 table3)
(make_sandwich sandw1 bread4 content2)
(move_tray tray2 table1 kitchen1)
(put_on_tray sandw1 tray2 kitchen1)
(move_tray tray2 kitchen1 table2)
(serve_sandwich sandw1 child5 tray2 table2)
